Warning: You are sending unauthenticated requests to the HF Hub. Please set a HF_TOKEN to enable higher rate limits and faster downloads.
Re-deriving mbaza Common Voice sentence set to identify for removal...
📥 Loading mbazaNLP Common Voice Kinyarwanda-English dataset...
  Columns: ['audio_filepath', 'duration', 'text']
  Using column: text
  Processed 0 rows, collected 1 sentences...
  Processed 5000 rows, collected 4969 sentences...
  Processed 10000 rows, collected 9931 sentences...
  Processed 15000 rows, collected 14892 sentences...
  Processed 20000 rows, collected 19861 sentences...
  Processed 25000 rows, collected 24836 sentences...
  Processed 30000 rows, collected 29807 sentences...
  Processed 35000 rows, collected 34777 sentences...
  Processed 40000 rows, collected 39740 sentences...
  Processed 45000 rows, collected 44711 sentences...
  Processed 50000 rows, collected 49672 sentences...
  Processed 55000 rows, collected 54639 sentences...
  Processed 60000 rows, collected 59610 sentences...
  Processed 65000 rows, collected 64573 sentences...
  Processed 70000 rows, collected 69541 sentences...
  Processed 75000 rows, collected 74506 sentences...
  Processed 80000 rows, collected 79469 sentences...
  Processed 85000 rows, collected 84434 sentences...
  Processed 90000 rows, collected 89403 sentences...
  Processed 95000 rows, collected 94370 sentences...
  Processed 100000 rows, collected 99334 sentences...
  Processed 105000 rows, collected 104304 sentences...
  Processed 110000 rows, collected 109275 sentences...
  Processed 115000 rows, collected 114244 sentences...
  Processed 120000 rows, collected 119211 sentences...
  Processed 125000 rows, collected 124179 sentences...
  Processed 130000 rows, collected 129134 sentences...
  Processed 135000 rows, collected 134086 sentences...
  Processed 140000 rows, collected 139052 sentences...
  Processed 145000 rows, collected 144020 sentences...
  Processed 150000 rows, collected 148985 sentences...
  Processed 155000 rows, collected 153951 sentences...
  Processed 160000 rows, collected 158915 sentences...
  Processed 165000 rows, collected 163883 sentences...
  Processed 170000 rows, collected 168849 sentences...
  Processed 175000 rows, collected 173819 sentences...
  Processed 180000 rows, collected 178790 sentences...
  Processed 185000 rows, collected 183751 sentences...
  Processed 190000 rows, collected 188719 sentences...
  Processed 195000 rows, collected 193684 sentences...
  Processed 200000 rows, collected 198656 sentences...
  Processed 205000 rows, collected 203624 sentences...
  Processed 210000 rows, collected 208597 sentences...
  Processed 215000 rows, collected 213559 sentences...
  Processed 220000 rows, collected 218522 sentences...
  Processed 225000 rows, collected 223488 sentences...
  Processed 230000 rows, collected 228448 sentences...
  Processed 235000 rows, collected 233417 sentences...
  Processed 240000 rows, collected 238391 sentences...
  Processed 245000 rows, collected 243359 sentences...
  Processed 250000 rows, collected 248333 sentences...
  Processed 255000 rows, collected 253301 sentences...
  Processed 260000 rows, collected 258268 sentences...
  Processed 265000 rows, collected 263240 sentences...
  Processed 270000 rows, collected 268205 sentences...
  Processed 275000 rows, collected 273175 sentences...
  Processed 280000 rows, collected 278149 sentences...
  Processed 285000 rows, collected 283108 sentences...
  Processed 290000 rows, collected 288075 sentences...
  Processed 295000 rows, collected 293038 sentences...
  Processed 300000 rows, collected 298011 sentences...
  Processed 305000 rows, collected 302987 sentences...
  Processed 310000 rows, collected 307948 sentences...
  Processed 315000 rows, collected 312916 sentences...
  Processed 320000 rows, collected 317886 sentences...
  Processed 325000 rows, collected 322860 sentences...
  Processed 330000 rows, collected 327825 sentences...
  Processed 335000 rows, collected 332803 sentences...
  Processed 340000 rows, collected 337762 sentences...
  Processed 345000 rows, collected 342724 sentences...
  Processed 350000 rows, collected 347686 sentences...
  Processed 355000 rows, collected 352654 sentences...
  Processed 360000 rows, collected 357617 sentences...
  Processed 365000 rows, collected 362589 sentences...
  Processed 370000 rows, collected 367558 sentences...
  Processed 375000 rows, collected 372526 sentences...
  Processed 380000 rows, collected 377490 sentences...
  Processed 385000 rows, collected 382460 sentences...
  Processed 390000 rows, collected 387424 sentences...
  Processed 395000 rows, collected 392385 sentences...
  Processed 400000 rows, collected 397347 sentences...
  Processed 405000 rows, collected 402314 sentences...
  Processed 410000 rows, collected 407285 sentences...
  Processed 415000 rows, collected 412249 sentences...
  Processed 420000 rows, collected 417224 sentences...
  Processed 425000 rows, collected 422193 sentences...
  Processed 430000 rows, collected 427169 sentences...
  Processed 435000 rows, collected 432132 sentences...
  Processed 440000 rows, collected 437103 sentences...
  Processed 445000 rows, collected 442065 sentences...
  Processed 450000 rows, collected 447031 sentences...
  Processed 455000 rows, collected 451998 sentences...
  Processed 460000 rows, collected 456970 sentences...
  Processed 465000 rows, collected 461941 sentences...
  Processed 470000 rows, collected 466903 sentences...
  Processed 475000 rows, collected 471859 sentences...
  Processed 480000 rows, collected 476825 sentences...
  Processed 485000 rows, collected 481799 sentences...
  Processed 490000 rows, collected 486773 sentences...
  Processed 495000 rows, collected 491745 sentences...
  Processed 500000 rows, collected 496711 sentences...
  Processed 505000 rows, collected 501681 sentences...
  Processed 510000 rows, collected 506650 sentences...
  Processed 515000 rows, collected 511622 sentences...
  Processed 520000 rows, collected 516591 sentences...
  Processed 525000 rows, collected 521549 sentences...
  Processed 530000 rows, collected 526512 sentences...
  Processed 535000 rows, collected 531479 sentences...
  Processed 540000 rows, collected 536439 sentences...
  Processed 545000 rows, collected 541406 sentences...
  Processed 550000 rows, collected 546378 sentences...
  Processed 555000 rows, collected 551342 sentences...
  Processed 560000 rows, collected 556315 sentences...
  Processed 565000 rows, collected 561282 sentences...
  Processed 570000 rows, collected 566247 sentences...
  Processed 575000 rows, collected 571224 sentences...
  Processed 580000 rows, collected 576181 sentences...
  Processed 585000 rows, collected 581150 sentences...
  Processed 590000 rows, collected 586113 sentences...
  Processed 595000 rows, collected 591084 sentences...
  Processed 600000 rows, collected 596048 sentences...
  Processed 605000 rows, collected 601023 sentences...
  Processed 610000 rows, collected 605994 sentences...
  Processed 615000 rows, collected 610956 sentences...
  ✅ Extracted 614562 sentences from mbazaNLP Common Voice
Identified 614,561 corrupted sentences to strip.
Corpus before: 697,185 lines
Backed up original corpus to /home/mpinganzima/Public/Kinyarwanda_transcribe/lm_corpus.before_strip.txt
Removed 614,561 lines, kept 82,624 lines
Wrote cleaned corpus to /home/mpinganzima/Public/Kinyarwanda_transcribe/lm_corpus.txt
